\BOOKMARK [0][-]{chapter.1}{プログラミング言語の選択と環境構築}{}% 1
\BOOKMARK [1][-]{section.1.1}{数値計算向きの言語\(C++, Fortran\)}{chapter.1}% 2
\BOOKMARK [2][-]{subsection.1.1.1}{C++について}{section.1.1}% 3
\BOOKMARK [2][-]{subsection.1.1.2}{Fortranについて}{section.1.1}% 4
\BOOKMARK [2][-]{subsection.1.1.3}{Python3について}{section.1.1}% 5
\BOOKMARK [2][-]{subsection.1.1.4}{近年注目されている言語\(Julia\)}{section.1.1}% 6
\BOOKMARK [1][-]{section.1.2}{C++で使える高速数値計算ライブラリ}{chapter.1}% 7
\BOOKMARK [2][-]{subsection.1.2.1}{BLAS/LAPACK\(線形代数用ライブラリ\)}{section.1.2}% 8
\BOOKMARK [2][-]{subsection.1.2.2}{FFTW3\(フーリエ変換\)}{section.1.2}% 9
\BOOKMARK [2][-]{subsection.1.2.3}{OpenMP\(並列計算\)}{section.1.2}% 10
\BOOKMARK [1][-]{section.1.3}{計算環境の準備}{chapter.1}% 11
\BOOKMARK [2][-]{subsection.1.3.1}{WSLの有効化}{section.1.3}% 12
\BOOKMARK [2][-]{subsection.1.3.2}{Visual Studio Codeの導入}{section.1.3}% 13
\BOOKMARK [2][-]{subsection.1.3.3}{ファイル操作のコマンド}{section.1.3}% 14
\BOOKMARK [2][-]{subsection.1.3.4}{シェルスクリプト}{section.1.3}% 15
\BOOKMARK [2][-]{subsection.1.3.5}{Makefile}{section.1.3}% 16
\BOOKMARK [1][-]{section.1.4}{GitHubの導入\(やや発展\)}{chapter.1}% 17
\BOOKMARK [2][-]{subsection.1.4.1}{インストール}{section.1.4}% 18
\BOOKMARK [2][-]{subsection.1.4.2}{履歴の残し方}{section.1.4}% 19
\BOOKMARK [2][-]{subsection.1.4.3}{SSH接続}{section.1.4}% 20
\BOOKMARK [2][-]{subsection.1.4.4}{リポジトリへの変更の反映}{section.1.4}% 21
\BOOKMARK [2][-]{subsection.1.4.5}{その他}{section.1.4}% 22
\BOOKMARK [1][-]{section.1.5}{C++ / Python 開発環境の構築}{chapter.1}% 23
\BOOKMARK [2][-]{subsection.1.5.1}{インストール}{section.1.5}% 24
\BOOKMARK [2][-]{subsection.1.5.2}{動作確認}{section.1.5}% 25
\BOOKMARK [0][-]{chapter.2}{C++による数値計算の基礎}{}% 26
\BOOKMARK [1][-]{section.2.1}{コンパイルおよびMakefileの作成}{chapter.2}% 27
\BOOKMARK [1][-]{section.2.2}{C++による対角化}{chapter.2}% 28
\BOOKMARK [2][-]{subsection.2.2.1}{zheevの引数}{section.2.2}% 29
\BOOKMARK [2][-]{subsection.2.2.2}{コンパイルおよび実行}{section.2.2}% 30
\BOOKMARK [2][-]{subsection.2.2.3}{対角化の手順}{section.2.2}% 31
\BOOKMARK [1][-]{section.2.3}{C++によるFFTW3を用いたフーリエ変換}{chapter.2}% 32
\BOOKMARK [2][-]{subsection.2.3.1}{FFTWにおける型}{section.2.3}% 33
\BOOKMARK [2][-]{subsection.2.3.2}{planとは何か}{section.2.3}% 34
\BOOKMARK [2][-]{subsection.2.3.3}{フーリエ変換の手順}{section.2.3}% 35
\BOOKMARK [1][-]{section.2.4}{C++によるOpenMPを用いた並列計算}{chapter.2}% 36
\BOOKMARK [2][-]{subsection.2.4.1}{いかなるときに並列化が有効か}{section.2.4}% 37
\BOOKMARK [2][-]{subsection.2.4.2}{基本的な使い方}{section.2.4}% 38
\BOOKMARK [2][-]{subsection.2.4.3}{parallel / parallel for}{section.2.4}% 39
\BOOKMARK [2][-]{subsection.2.4.4}{OpenMPにおける変数の扱い\(shared/private\)}{section.2.4}% 40
\BOOKMARK [2][-]{subsection.2.4.5}{reduction}{section.2.4}% 41
\BOOKMARK [0][-]{chapter.3}{強束縛模型の解析}{}% 42
\BOOKMARK [1][-]{section.3.1}{2次元正方格子の強束縛模型の構築}{chapter.3}% 43
\BOOKMARK [1][-]{section.3.2}{バンド図とフェルミ面}{chapter.3}% 44
\BOOKMARK [2][-]{subsection.3.2.1}{バンド図の描画}{section.3.2}% 45
\BOOKMARK [2][-]{subsection.3.2.2}{フェルミ面の描画}{section.3.2}% 46
\BOOKMARK [2][-]{subsection.3.2.3}{化学ポテンシャルの自己無撞着な決定}{section.3.2}% 47
\BOOKMARK [0][-]{chapter.4}{付録}{}% 48
\BOOKMARK [1][-]{subsection.4.0.1}{LAPACKを用いた対角化サンプルプログラム}{chapter.4}% 49
\BOOKMARK [2][-]{subsection.4.0.2}{FFTWを用いた高速フーリエ変換サンプルプログラム}{subsection.4.0.1}% 50
\BOOKMARK [2][-]{subsection.4.0.3}{OpenMPによる並列計算サンプルプログラム}{subsection.4.0.1}% 51
